divide error: ZeroDivisionError. Inputs: (1, 0), {}
divide error: ZeroDivisionError. Inputs: (1, 0), {}
divide error: ZeroDivisionError. Inputs: (1, 0), {}
